> Task :common:compileJava UP-TO-DATE
> Task :common:processResources NO-SOURCE
> Task :common:classes UP-TO-DATE
> Task :common:jar UP-TO-DATE
> Task :domain:compileJava UP-TO-DATE
> Task :domain:processResources NO-SOURCE
> Task :domain:classes UP-TO-DATE
> Task :domain:jar UP-TO-DATE
> Task :contract:compileJava UP-TO-DATE
> Task :contract:processResources NO-SOURCE
> Task :contract:classes UP-TO-DATE
> Task :contract:jar UP-TO-DATE
> Task :infrastructure:compileJava
> Task :infrastructure:processResources NO-SOURCE
> Task :infrastructure:classes
> Task :infrastructure:jar
> Task :compileJava UP-TO-DATE
> Task :processResources UP-TO-DATE
> Task :classes UP-TO-DATE
> Task :resolveMainClassName UP-TO-DATE

> Task :bootRun

  .   ____          _            __ _ _
 /\\ / ___'_ __ _ _(_)_ __  __ _ \ \ \ \
( ( )\___ | '_ | '_| | '_ \/ _` | \ \ \ \
 \\/  ___)| |_)| | | | | || (_| |  ) ) ) )
  '  |____| .__|_| |_|_| |_\__, | / / / /
 =========|_|==============|___/=/_/_/_/

 :: Spring Boot ::                (v3.4.3)

2026-06-14T19:53:53.285-03:00  INFO 242890 --- [agenda-service] [           main] com.agendaService.Application            : Starting Application using Java 21.0.7 with PID 242890 (/home/forttiori/Documents/tcc-senai/agenda-service/build/classes/java/main started by forttiori in /home/forttiori/Documents/tcc-senai/agenda-service)
2026-06-14T19:53:53.288-03:00  INFO 242890 --- [agenda-service] [           main] com.agendaService.Application            : The following 1 profile is active: "hml"
2026-06-14T19:53:56.027-03:00  INFO 242890 --- [agenda-service] [           main] .s.d.r.c.RepositoryConfigurationDelegate : Bootstrapping Spring Data Reactive MongoDB repositories in DEFAULT mode.
2026-06-14T19:53:56.253-03:00  INFO 242890 --- [agenda-service] [           main] .s.d.r.c.RepositoryConfigurationDelegate : Finished Spring Data repository scanning in 216 ms. Found 5 Reactive MongoDB repository interfaces.
2026-06-14T19:53:57.456-03:00  INFO 242890 --- [agenda-service] [stq.mongodb.net] org.mongodb.driver.cluster               : Adding discovered server ac-zkva23z-shard-00-02.37uxstq.mongodb.net:27017 to client view of cluster
2026-06-14T19:53:57.509-03:00  INFO 242890 --- [agenda-service] [           main] org.mongodb.driver.client                : MongoClient with metadata {"driver": {"name": "mongo-java-driver|reactive-streams|spring-boot", "version": "5.2.1"}, "os": {"type": "Linux", "name": "Linux", "architecture": "amd64", "version": "6.8.0-124-generic"}, "platform": "Java/Amazon.com Inc./21.0.7+6-LTS"} created with settings MongoClientSettings{readPreference=primary, writeConcern=WriteConcern{w=majority, wTimeout=null ms, journal=null}, retryWrites=true, retryReads=true, readConcern=ReadConcern{level=null}, credential=MongoCredential{mechanism=null, userName='andersonpetro', source='admin', password=<hidden>, mechanismProperties=<hidden>}, transportSettings=NettyTransportSettings{eventLoopGroup=io.netty.channel.nio.NioEventLoopGroup@27bb4dc5, socketChannelClass=null, allocator=null, sslContext=null}, commandListeners=[io.micrometer.core.instrument.binder.mongodb.MongoMetricsCommandListener@464ede1f], codecRegistry=ProvidersCodecRegistry{codecProviders=[ValueCodecProvider{}, BsonValueCodecProvider{}, DBRefCodecProvider{}, DBObjectCodecProvider{}, DocumentCodecProvider{}, CollectionCodecProvider{}, IterableCodecProvider{}, MapCodecProvider{}, GeoJsonCodecProvider{}, GridFSFileCodecProvider{}, Jsr310CodecProvider{}, JsonObjectCodecProvider{}, BsonCodecProvider{}, EnumCodecProvider{}, com.mongodb.client.model.mql.ExpressionCodecProvider@64910b2d, com.mongodb.Jep395RecordCodecProvider@1247c72e, com.mongodb.KotlinCodecProvider@6fef75c6]}, loggerSettings=LoggerSettings{maxDocumentLength=1000}, clusterSettings={hosts=[127.0.0.1:27017], srvHost=agenda-service.37uxstq.mongodb.net, srvServiceName=mongodb, mode=MULTIPLE, requiredClusterType=REPLICA_SET, requiredReplicaSetName='atlas-53og05-shard-0', serverSelector='null', clusterListeners='[]', serverSelectionTimeout='30000 ms', localThreshold='15 ms'}, socketSettings=SocketSettings{connectTimeoutMS=10000, readTimeoutMS=0, receiveBufferSize=0, proxySettings=ProxySettings{host=null, port=null, username=null, password=null}}, heartbeatSocketSettings=SocketSettings{connectTimeoutMS=10000, readTimeoutMS=10000, receiveBufferSize=0, proxySettings=ProxySettings{host=null, port=null, username=null, password=null}}, connectionPoolSettings=ConnectionPoolSettings{maxSize=100, minSize=0, maxWaitTimeMS=120000, maxConnectionLifeTimeMS=0, maxConnectionIdleTimeMS=0, maintenanceInitialDelayMS=0, maintenanceFrequencyMS=60000, connectionPoolListeners=[io.micrometer.core.instrument.binder.mongodb.MongoMetricsConnectionPoolListener@5f61e002], maxConnecting=2}, serverSettings=ServerSettings{heartbeatFrequencyMS=10000, minHeartbeatFrequencyMS=500, serverMonitoringMode=AUTO, serverListeners='[]', serverMonitorListeners='[]'}, sslSettings=SslSettings{enabled=true, invalidHostNameAllowed=false, context=null}, applicationName='null', compressorList=[], uuidRepresentation=JAVA_LEGACY, serverApi=null, autoEncryptionSettings=null, dnsClient=null, inetAddressResolver=null, contextProvider=null, timeoutMS=null}
2026-06-14T19:53:57.605-03:00  INFO 242890 --- [agenda-service] [stq.mongodb.net] org.mongodb.driver.cluster               : Adding discovered server ac-zkva23z-shard-00-01.37uxstq.mongodb.net:27017 to client view of cluster
2026-06-14T19:53:57.630-03:00  INFO 242890 --- [agenda-service] [stq.mongodb.net] org.mongodb.driver.cluster               : Adding discovered server ac-zkva23z-shard-00-00.37uxstq.mongodb.net:27017 to client view of cluster
2026-06-14T19:53:59.009-03:00  INFO 242890 --- [agenda-service] [ngodb.net:27017] org.mongodb.driver.cluster               : Monitor thread successfully connected to server with description ServerDescription{address=ac-zkva23z-shard-00-01.37uxstq.mongodb.net:27017, type=REPLICA_SET_SECONDARY, cryptd=false, state=CONNECTED, ok=true, minWireVersion=0, maxWireVersion=25, maxDocumentSize=16777216, logicalSessionTimeoutMinutes=30, roundTripTimeNanos=610433820, minRoundTripTimeNanos=0, setName='atlas-53og05-shard-0', canonicalAddress=ac-zkva23z-shard-00-01.37uxstq.mongodb.net:27017, hosts=[ac-zkva23z-shard-00-00.37uxstq.mongodb.net:27017, ac-zkva23z-shard-00-01.37uxstq.mongodb.net:27017, ac-zkva23z-shard-00-02.37uxstq.mongodb.net:27017], passives=[], arbiters=[], primary='ac-zkva23z-shard-00-02.37uxstq.mongodb.net:27017', tagSet=TagSet{[Tag{name='availabilityZone', value='sae1-az3'}, Tag{name='cacheState', value='READY'}, Tag{name='diskState', value='READY'}, Tag{name='nodeType', value='ELECTABLE'}, Tag{name='provider', value='AWS'}, Tag{name='region', value='SA_EAST_1'}, Tag{name='workloadType', value='OPERATIONAL'}]}, electionId=null, setVersion=64, topologyVersion=TopologyVersion{processId=6a2a20c57dec676c94ce932c, counter=3}, lastWriteDate=Sun Jun 14 19:53:58 BRT 2026, lastUpdateTimeNanos=162930789123147}
2026-06-14T19:53:59.010-03:00  INFO 242890 --- [agenda-service] [ngodb.net:27017] org.mongodb.driver.cluster               : Monitor thread successfully connected to server with description ServerDescription{address=ac-zkva23z-shard-00-00.37uxstq.mongodb.net:27017, type=REPLICA_SET_SECONDARY, cryptd=false, state=CONNECTED, ok=true, minWireVersion=0, maxWireVersion=25, maxDocumentSize=16777216, logicalSessionTimeoutMinutes=30, roundTripTimeNanos=613413828, minRoundTripTimeNanos=0, setName='atlas-53og05-shard-0', canonicalAddress=ac-zkva23z-shard-00-00.37uxstq.mongodb.net:27017, hosts=[ac-zkva23z-shard-00-00.37uxstq.mongodb.net:27017, ac-zkva23z-shard-00-01.37uxstq.mongodb.net:27017, ac-zkva23z-shard-00-02.37uxstq.mongodb.net:27017], passives=[], arbiters=[], primary='ac-zkva23z-shard-00-02.37uxstq.mongodb.net:27017', tagSet=TagSet{[Tag{name='availabilityZone', value='sae1-az1'}, Tag{name='cacheState', value='READY'}, Tag{name='diskState', value='READY'}, Tag{name='nodeType', value='ELECTABLE'}, Tag{name='provider', value='AWS'}, Tag{name='region', value='SA_EAST_1'}, Tag{name='workloadType', value='OPERATIONAL'}]}, electionId=null, setVersion=64, topologyVersion=TopologyVersion{processId=6a2a1ee952e383e1539246d6, counter=4}, lastWriteDate=Sun Jun 14 19:53:58 BRT 2026, lastUpdateTimeNanos=162930789519209}
2026-06-14T19:53:59.010-03:00  INFO 242890 --- [agenda-service] [ngodb.net:27017] org.mongodb.driver.cluster               : Monitor thread successfully connected to server with description ServerDescription{address=ac-zkva23z-shard-00-02.37uxstq.mongodb.net:27017, type=REPLICA_SET_PRIMARY, cryptd=false, state=CONNECTED, ok=true, minWireVersion=0, maxWireVersion=25, maxDocumentSize=16777216, logicalSessionTimeoutMinutes=30, roundTripTimeNanos=611480632, minRoundTripTimeNanos=0, setName='atlas-53og05-shard-0', canonicalAddress=ac-zkva23z-shard-00-02.37uxstq.mongodb.net:27017, hosts=[ac-zkva23z-shard-00-00.37uxstq.mongodb.net:27017, ac-zkva23z-shard-00-01.37uxstq.mongodb.net:27017, ac-zkva23z-shard-00-02.37uxstq.mongodb.net:27017], passives=[], arbiters=[], primary='ac-zkva23z-shard-00-02.37uxstq.mongodb.net:27017', tagSet=TagSet{[Tag{name='availabilityZone', value='sae1-az2'}, Tag{name='cacheState', value='READY'}, Tag{name='diskState', value='READY'}, Tag{name='nodeType', value='ELECTABLE'}, Tag{name='provider', value='AWS'}, Tag{name='region', value='SA_EAST_1'}, Tag{name='workloadType', value='OPERATIONAL'}]}, electionId=7fffffff0000000000000125, setVersion=64, topologyVersion=TopologyVersion{processId=6a2a2094ba6eb1ff44b6883b, counter=6}, lastWriteDate=Sun Jun 14 19:53:58 BRT 2026, lastUpdateTimeNanos=162930789423557}
2026-06-14T19:53:59.029-03:00  INFO 242890 --- [agenda-service] [ngodb.net:27017] org.mongodb.driver.cluster               : Discovered replica set primary ac-zkva23z-shard-00-02.37uxstq.mongodb.net:27017 with max election id 7fffffff0000000000000125 and max set version 64
2026-06-14T19:53:59.736-03:00  INFO 242890 --- [agenda-service] [           main] f.a.AutowiredAnnotationBeanPostProcessor : Inconsistent constructor declaration on bean with name '_reactiveMethodSecurityConfiguration': single autowire-marked constructor flagged as optional - this constructor is effectively required since there is no default constructor to fall back to: org.springframework.security.config.annotation.method.configuration.ReactiveAuthorizationManagerMethodSecurityConfiguration(org.springframework.security.access.expression.method.MethodSecurityExpressionHandler,org.springframework.beans.factory.ObjectProvider,org.springframework.beans.factory.ObjectProvider)
2026-06-14T19:53:59.924-03:00  WARN 242890 --- [agenda-service] [           main] o.s.w.r.resource.ResourceHandlerUtils    : Appended trailing slash to static resource location: classpath:/META-INF/resources/webjars/swagger-ui/5.18.3/
2026-06-14T19:54:00.104-03:00  INFO 242890 --- [agenda-service] [           main] o.s.b.a.e.web.EndpointLinksResolver      : Exposing 1 endpoint beneath base path '/actuator'
2026-06-14T19:54:00.944-03:00  INFO 242890 --- [agenda-service] [           main] o.s.b.web.embedded.netty.NettyWebServer  : Netty started on port 9000 (http)
2026-06-14T19:54:00.966-03:00  INFO 242890 --- [agenda-service] [           main] com.agendaService.Application            : Started Application in 8.567 seconds (process running for 9.311)
2026-06-14T19:54:00.982-03:00  INFO 242890 --- [agenda-service] [           main] c.a.i.runner.UserSyncRunner              : [USER SYNC] Iniciando sincronização de usuários do Keycloak para o MongoDB...
2026-06-14T19:54:02.786-03:00  INFO 242890 --- [agenda-service] [ntLoopGroup-3-7] c.a.i.runner.UserSyncRunner              : [USER SYNC] Usuário sincronizado/verificado: petroalfa_05@hotmail.com
2026-06-14T19:54:02.790-03:00  INFO 242890 --- [agenda-service] [ntLoopGroup-3-7] c.a.i.runner.UserSyncRunner              : [USER SYNC] Usuário sincronizado/verificado: client@agenda.com
2026-06-14T19:54:02.814-03:00  INFO 242890 --- [agenda-service] [ntLoopGroup-3-8] c.a.i.runner.UserSyncRunner              : [USER SYNC] Usuário sincronizado/verificado: ezequiel@gmail.com
2026-06-14T19:54:02.816-03:00  INFO 242890 --- [agenda-service] [ntLoopGroup-3-7] c.a.i.runner.UserSyncRunner              : [USER SYNC] Usuário sincronizado/verificado: pelf@gmail.com
2026-06-14T19:54:02.839-03:00  INFO 242890 --- [agenda-service] [ntLoopGroup-3-8] c.a.i.runner.UserSyncRunner              : [USER SYNC] Usuário sincronizado/verificado: petroalfa05@gmail.com
2026-06-14T19:54:02.843-03:00  INFO 242890 --- [agenda-service] [ntLoopGroup-3-7] c.a.i.runner.UserSyncRunner              : [USER SYNC] Usuário sincronizado/verificado: test-modal-user@test.com
2026-06-14T19:54:02.850-03:00  INFO 242890 --- [agenda-service] [ntLoopGroup-3-3] c.a.i.runner.UserSyncRunner              : [USER SYNC] Usuário sincronizado/verificado: completelynewuser12345@gmail.com
2026-06-14T19:54:02.866-03:00  INFO 242890 --- [agenda-service] [ntLoopGroup-3-8] c.a.i.runner.UserSyncRunner              : [USER SYNC] Usuário sincronizado/verificado: testsignup@example.com
2026-06-14T19:54:02.870-03:00  INFO 242890 --- [agenda-service] [ntLoopGroup-3-7] c.a.i.runner.UserSyncRunner              : [USER SYNC] Usuário sincronizado/verificado: testuser123@example.com
2026-06-14T19:54:02.874-03:00  INFO 242890 --- [agenda-service] [ntLoopGroup-3-3] c.a.i.runner.UserSyncRunner              : [USER SYNC] Usuário sincronizado/verificado: anderson.petro@estudante.senairs.edu.br
2026-06-14T19:54:02.883-03:00  INFO 242890 --- [agenda-service] [ntLoopGroup-3-2] c.a.i.runner.UserSyncRunner              : [USER SYNC] Usuário sincronizado/verificado: clienteste@agenda.com
2026-06-14T19:54:03.076-03:00  INFO 242890 --- [agenda-service] [ntLoopGroup-3-1] c.a.i.runner.UserSyncRunner              : [USER SYNC] Usuário sincronizado/verificado: test@test.com
2026-06-14T19:54:03.076-03:00  INFO 242890 --- [agenda-service] [ntLoopGroup-3-1] c.a.i.runner.UserSyncRunner              : [USER SYNC] Sincronização de usuários concluída com sucesso.
